Cargando cache...
Secuencias: 111756  H3N2=65631  H1N1=46125
Convirtiendo...
Array: (111756, 400)  45 MB
Buscando vecinos (chunked)...
       0/111756 (0%)
   10000/111756 (9%)
   20000/111756 (18%)
   30000/111756 (27%)
   40000/111756 (36%)
   50000/111756 (45%)
   60000/111756 (54%)
   70000/111756 (63%)
   80000/111756 (72%)
   90000/111756 (81%)
  100000/111756 (89%)
  110000/111756 (98%)

=== TwoNN Hamming HA ===
          trim=0.01  trim=0.05
  Global    4.32       nan
  H3N2      4.97       nan
  H1N1      3.69       nan
